// Jest Snapshot v1, https://goo.gl/fbAQLP

exports[`Fetch Search Data 1`] = `
Array [
  Object {
    "ここすも営業": "テスト",
    "ここすも工事": "テスト",
    "店舗": "豊橋向山店",
    "更新日時": "2022-04-25T05:52:00Z",
    "案件数": "0",
    "状況": "XXX",
    "現住所": "",
    "登録日時": "2022-04-25T05:52:00Z",
    "顧客ID": 162,
    "顧客氏名・会社名": "山田　太郎",
    "顧客種別": "個人",
  },
  Object {
    "ここすも営業": "テスト",
    "ここすも工事": "テスト",
    "店舗": "豊橋向山店",
    "更新日時": "2022-04-25T04:53:00Z",
    "案件数": "0",
    "状況": "XXX",
    "現住所": "",
    "登録日時": "2022-04-25T04:53:00Z",
    "顧客ID": 161,
    "顧客氏名・会社名": "test",
    "顧客種別": "個人",
  },
  Object {
    "ここすも営業": "テスト",
    "ここすも工事": "テスト",
    "店舗": "豊川中央店",
    "更新日時": "2022-02-13T04:55:00Z",
    "案件数": "0",
    "状況": "XXX",
    "現住所": "",
    "登録日時": "2022-04-25T02:50:00Z",
    "顧客ID": 84,
    "顧客氏名・会社名": "Lorenz",
    "顧客種別": "個人",
  },
  Object {
    "ここすも営業": "テスト",
    "ここすも工事": "テスト",
    "店舗": "豊橋向山店",
    "更新日時": "2022-04-25T01:51:00Z",
    "案件数": "0",
    "状況": "XXX",
    "現住所": "",
    "登録日時": "2022-04-25T01:53:00Z",
    "顧客ID": 160,
    "顧客氏名・会社名": "ラス　ロレンズ",
    "顧客種別": "個人",
  },
  Object {
    "ここすも営業": "テスト",
    "ここすも工事": "テスト",
    "店舗": "千種大久手店",
    "更新日時": "2022-04-04T03:14:00Z",
    "案件数": "0",
    "状況": "XXX",
    "現住所": "sdfsdfsdf",
    "登録日時": "2022-04-04T03:14:00Z",
    "顧客ID": 159,
    "顧客氏名・会社名": "qwq",
    "顧客種別": "個人",
  },
  Object {
    "ここすも営業": "テスト",
    "ここすも工事": "テスト",
    "店舗": "豊川中央店",
    "更新日時": "2022-04-04T03:13:00Z",
    "案件数": "0",
    "状況": "XXX",
    "現住所": "sdfsdfsdf",
    "登録日時": "2022-04-04T03:13:00Z",
    "顧客ID": 158,
    "顧客氏名・会社名": "qwq",
    "顧客種別": "個人",
  },
  Object {
    "ここすも営業": "テスト",
    "ここすも工事": "テスト",
    "店舗": "千種大久手店",
    "更新日時": "2022-04-02T01:01:00Z",
    "案件数": "0",
    "状況": "XXX",
    "現住所": "sdfsdfsdf",
    "登録日時": "2022-04-02T01:01:00Z",
    "顧客ID": 157,
    "顧客氏名・会社名": "健太郎",
    "顧客種別": "個人",
  },
  Object {
    "ここすも営業": "テスト",
    "ここすも工事": "テスト",
    "店舗": "高浜中央店",
    "更新日時": "2022-02-18T03:22:00Z",
    "案件数": "0",
    "状況": "XXX",
    "現住所": "sdfsdfsdf",
    "登録日時": "2022-03-04T03:56:00Z",
    "顧客ID": 131,
    "顧客氏名・会社名": "高橋　加奈",
    "顧客種別": "個人",
  },
  Object {
    "ここすも営業": "テスト",
    "ここすも工事": "テスト",
    "店舗": "システム管理部",
    "更新日時": "2022-03-01T01:15:00Z",
    "案件数": "0",
    "状況": "XXX",
    "現住所": "",
    "登録日時": "2022-03-01T01:15:00Z",
    "顧客ID": 156,
    "顧客氏名・会社名": "斎藤　蓮",
    "顧客種別": "個人",
  },
  Object {
    "ここすも営業": "テスト",
    "ここすも工事": "テスト",
    "店舗": "システム管理部",
    "更新日時": "2022-03-01T01:15:00Z",
    "案件数": "0",
    "状況": "XXX",
    "現住所": "-",
    "登録日時": "2022-03-01T01:15:00Z",
    "顧客ID": 155,
    "顧客氏名・会社名": "-",
    "顧客種別": "個人",
  },
  Object {
    "ここすも営業": "テスト",
    "ここすも工事": "テスト",
    "店舗": "システム管理部",
    "更新日時": "2022-02-15T07:04:00Z",
    "案件数": "0",
    "状況": "XXX",
    "現住所": "",
    "登録日時": "2022-03-01T01:15:00Z",
    "顧客ID": 121,
    "顧客氏名・会社名": "何も",
    "顧客種別": "個人",
  },
  Object {
    "ここすも営業": "テスト",
    "ここすも工事": "テスト",
    "店舗": "豊橋向山店",
    "更新日時": "2022-02-28T06:41:00Z",
    "案件数": "0",
    "状況": "XXX",
    "現住所": "",
    "登録日時": "2022-02-28T06:41:00Z",
    "顧客ID": 154,
    "顧客氏名・会社名": "ラス　ロレンズ",
    "顧客種別": "個人",
  },
  Object {
    "ここすも営業": "テスト",
    "ここすも工事": "テスト",
    "店舗": "豊川中央店",
    "更新日時": "2022-02-26T00:27:00Z",
    "案件数": "0",
    "状況": "XXX",
    "現住所": "",
    "登録日時": "2022-02-26T00:27:00Z",
    "顧客ID": 153,
    "顧客氏名・会社名": "Lorenz",
    "顧客種別": "個人",
  },
  Object {
    "ここすも営業": "テスト",
    "ここすも工事": "テスト",
    "店舗": "高浜中央店",
    "更新日時": "2022-02-25T06:04:00Z",
    "案件数": "0",
    "状況": "XXX",
    "現住所": "",
    "登録日時": "2022-02-25T06:05:00Z",
    "顧客ID": 152,
    "顧客氏名・会社名": "qwq",
    "顧客種別": "個人",
  },
  Object {
    "ここすも営業": "テスト",
    "ここすも工事": "テスト",
    "店舗": "豊川中央店",
    "更新日時": "2022-02-25T04:17:00Z",
    "案件数": "0",
    "状況": "XXX",
    "現住所": "",
    "登録日時": "2022-02-25T04:17:00Z",
    "顧客ID": 151,
    "顧客氏名・会社名": "あｓｄｆ",
    "顧客種別": "個人",
  },
  Object {
    "ここすも営業": "テスト",
    "ここすも工事": "テスト",
    "店舗": "豊橋向山店",
    "更新日時": "2022-02-25T04:15:00Z",
    "案件数": "0",
    "状況": "XXX",
    "現住所": "",
    "登録日時": "2022-02-25T04:15:00Z",
    "顧客ID": 150,
    "顧客氏名・会社名": "qwq",
    "顧客種別": "個人",
  },
  Object {
    "ここすも営業": "テスト",
    "ここすも工事": "テスト",
    "店舗": "豊橋向山店",
    "更新日時": "2022-02-25T01:22:00Z",
    "案件数": "0",
    "状況": "XXX",
    "現住所": "",
    "登録日時": "2022-02-25T01:22:00Z",
    "顧客ID": 149,
    "顧客氏名・会社名": "qwq",
    "顧客種別": "個人",
  },
  Object {
    "ここすも営業": "テスト",
    "ここすも工事": "テスト",
    "店舗": "高浜中央店",
    "更新日時": "2022-02-25T01:21:00Z",
    "案件数": "0",
    "状況": "XXX",
    "現住所": "",
    "登録日時": "2022-02-25T01:21:00Z",
    "顧客ID": 148,
    "顧客氏名・会社名": "qwq",
    "顧客種別": "個人",
  },
  Object {
    "ここすも営業": "テスト",
    "ここすも工事": "テスト",
    "店舗": "豊田中央店",
    "更新日時": "2022-02-25T01:19:00Z",
    "案件数": "0",
    "状況": "XXX",
    "現住所": "",
    "登録日時": "2022-02-25T01:20:00Z",
    "顧客ID": 147,
    "顧客氏名・会社名": "dfdfdf",
    "顧客種別": "個人",
  },
  Object {
    "ここすも営業": "テスト",
    "ここすも工事": "テスト",
    "店舗": "豊橋向山店",
    "更新日時": "2022-02-25T00:54:00Z",
    "案件数": "0",
    "状況": "XXX",
    "現住所": "",
    "登録日時": "2022-02-25T01:00:00Z",
    "顧客ID": 146,
    "顧客氏名・会社名": "qwq",
    "顧客種別": "個人",
  },
  Object {
    "ここすも営業": "テスト",
    "ここすも工事": "テスト",
    "店舗": "豊川中央店",
    "更新日時": "2022-02-25T00:53:00Z",
    "案件数": "0",
    "状況": "XXX",
    "現住所": "",
    "登録日時": "2022-02-25T00:53:00Z",
    "顧客ID": 145,
    "顧客氏名・会社名": "qwq",
    "顧客種別": "個人",
  },
  Object {
    "ここすも営業": "テスト",
    "ここすも工事": "テスト",
    "店舗": "豊川中央店",
    "更新日時": "2022-02-25T00:49:00Z",
    "案件数": "0",
    "状況": "XXX",
    "現住所": "",
    "登録日時": "2022-02-25T00:49:00Z",
    "顧客ID": 144,
    "顧客氏名・会社名": "mmmm",
    "顧客種別": "個人",
  },
  Object {
    "ここすも営業": "テスト",
    "ここすも工事": "テスト",
    "店舗": "豊橋向山店",
    "更新日時": "2022-02-25T00:49:00Z",
    "案件数": "0",
    "状況": "XXX",
    "現住所": "",
    "登録日時": "2022-02-25T00:49:00Z",
    "顧客ID": 143,
    "顧客氏名・会社名": "qwq",
    "顧客種別": "個人",
  },
  Object {
    "ここすも営業": "テスト",
    "ここすも工事": "テスト",
    "店舗": "高浜中央店",
    "更新日時": "2022-02-25T00:48:00Z",
    "案件数": "0",
    "状況": "XXX",
    "現住所": "",
    "登録日時": "2022-02-25T00:48:00Z",
    "顧客ID": 142,
    "顧客氏名・会社名": "sdsds",
    "顧客種別": "個人",
  },
  Object {
    "ここすも営業": "テスト",
    "ここすも工事": "テスト",
    "店舗": "豊橋向山店",
    "更新日時": "2022-02-25T00:47:00Z",
    "案件数": "0",
    "状況": "XXX",
    "現住所": "",
    "登録日時": "2022-02-25T00:47:00Z",
    "顧客ID": 141,
    "顧客氏名・会社名": "qwq",
    "顧客種別": "個人",
  },
  Object {
    "ここすも営業": "テスト",
    "ここすも工事": "テスト",
    "店舗": "豊橋向山店",
    "更新日時": "2022-02-25T00:42:00Z",
    "案件数": "0",
    "状況": "XXX",
    "現住所": "",
    "登録日時": "2022-02-25T00:42:00Z",
    "顧客ID": 140,
    "顧客氏名・会社名": "qwq",
    "顧客種別": "個人",
  },
  Object {
    "ここすも営業": "テスト",
    "ここすも工事": "テスト",
    "店舗": "豊橋向山店",
    "更新日時": "2022-02-25T00:39:00Z",
    "案件数": "0",
    "状況": "XXX",
    "現住所": "",
    "登録日時": "2022-02-25T00:40:00Z",
    "顧客ID": 139,
    "顧客氏名・会社名": "mmmm",
    "顧客種別": "個人",
  },
  Object {
    "ここすも営業": "テスト",
    "ここすも工事": "テスト",
    "店舗": "豊橋向山店",
    "更新日時": "2022-02-25T00:38:00Z",
    "案件数": "0",
    "状況": "XXX",
    "現住所": "",
    "登録日時": "2022-02-25T00:38:00Z",
    "顧客ID": 138,
    "顧客氏名・会社名": "qwq",
    "顧客種別": "個人",
  },
  Object {
    "ここすも営業": "テスト",
    "ここすも工事": "テスト",
    "店舗": "豊川中央店",
    "更新日時": "2022-02-25T00:36:00Z",
    "案件数": "0",
    "状況": "XXX",
    "現住所": "",
    "登録日時": "2022-02-25T00:36:00Z",
    "顧客ID": 137,
    "顧客氏名・会社名": "qwq",
    "顧客種別": "個人",
  },
  Object {
    "ここすも営業": "テスト",
    "ここすも工事": "テスト",
    "店舗": "豊橋向山店",
    "更新日時": "2022-02-25T00:35:00Z",
    "案件数": "0",
    "状況": "XXX",
    "現住所": "",
    "登録日時": "2022-02-25T00:35:00Z",
    "顧客ID": 136,
    "顧客氏名・会社名": "qwq",
    "顧客種別": "個人",
  },
  Object {
    "ここすも営業": "テスト",
    "ここすも工事": "テスト",
    "店舗": "豊橋向山店",
    "更新日時": "2022-02-25T00:34:00Z",
    "案件数": "0",
    "状況": "XXX",
    "現住所": "",
    "登録日時": "2022-02-25T00:34:00Z",
    "顧客ID": 135,
    "顧客氏名・会社名": "ラス　ロレンズ",
    "顧客種別": "個人",
  },
  Object {
    "ここすも営業": "テスト",
    "ここすも工事": "テスト",
    "店舗": "千種大久手店",
    "更新日時": "2022-02-23T23:50:00Z",
    "案件数": "0",
    "状況": "XXX",
    "現住所": "",
    "登録日時": "2022-02-23T23:50:00Z",
    "顧客ID": 134,
    "顧客氏名・会社名": "mmmm",
    "顧客種別": "個人",
  },
  Object {
    "ここすも営業": "テスト",
    "ここすも工事": "テスト",
    "店舗": "豊橋向山店",
    "更新日時": "2022-02-19T03:56:00Z",
    "案件数": "0",
    "状況": "XXX",
    "現住所": "",
    "登録日時": "2022-02-19T03:57:00Z",
    "顧客ID": 133,
    "顧客氏名・会社名": "qwq",
    "顧客種別": "個人",
  },
  Object {
    "ここすも営業": "テスト",
    "ここすも工事": "テスト",
    "店舗": "千種大久手店",
    "更新日時": "2022-02-18T03:11:00Z",
    "案件数": "0",
    "状況": "XXX",
    "現住所": "",
    "登録日時": "2022-02-19T03:05:00Z",
    "顧客ID": 130,
    "顧客氏名・会社名": "mmmm",
    "顧客種別": "個人",
  },
  Object {
    "ここすも営業": "テスト",
    "ここすも工事": "テスト",
    "店舗": "豊川中央店",
    "更新日時": "2022-02-18T03:26:00Z",
    "案件数": "0",
    "状況": "XXX",
    "現住所": "",
    "登録日時": "2022-02-18T06:07:00Z",
    "顧客ID": 132,
    "顧客氏名・会社名": "qwq",
    "顧客種別": "個人",
  },
  Object {
    "ここすも営業": "テスト",
    "ここすも工事": "テスト",
    "店舗": "高浜中央店",
    "更新日時": "2022-02-18T03:08:00Z",
    "案件数": "0",
    "状況": "XXX",
    "現住所": "",
    "登録日時": "2022-02-18T03:08:00Z",
    "顧客ID": 129,
    "顧客氏名・会社名": "qwq",
    "顧客種別": "個人",
  },
  Object {
    "ここすも営業": "テスト",
    "ここすも工事": "テスト",
    "店舗": "豊橋向山店",
    "更新日時": "2022-02-18T03:05:00Z",
    "案件数": "0",
    "状況": "XXX",
    "現住所": "",
    "登録日時": "2022-02-18T03:05:00Z",
    "顧客ID": 128,
    "顧客氏名・会社名": "test",
    "顧客種別": "個人",
  },
  Object {
    "ここすも営業": "テスト",
    "ここすも工事": "テスト",
    "店舗": "千種大久手店",
    "更新日時": "2022-02-18T03:03:00Z",
    "案件数": "0",
    "状況": "XXX",
    "現住所": "",
    "登録日時": "2022-02-18T03:03:00Z",
    "顧客ID": 127,
    "顧客氏名・会社名": "qwq",
    "顧客種別": "個人",
  },
  Object {
    "ここすも営業": "テスト",
    "ここすも工事": "テスト",
    "店舗": "千種大久手店",
    "更新日時": "2022-02-18T02:58:00Z",
    "案件数": "0",
    "状況": "XXX",
    "現住所": "",
    "登録日時": "2022-02-18T03:00:00Z",
    "顧客ID": 126,
    "顧客氏名・会社名": "test",
    "顧客種別": "個人",
  },
  Object {
    "ここすも営業": "テスト",
    "ここすも工事": "テスト",
    "店舗": "豊橋向山店",
    "更新日時": "2022-02-18T02:43:00Z",
    "案件数": "0",
    "状況": "XXX",
    "現住所": "",
    "登録日時": "2022-02-18T02:44:00Z",
    "顧客ID": 125,
    "顧客氏名・会社名": "あｓだｓｄ",
    "顧客種別": "個人",
  },
  Object {
    "ここすも営業": "テスト",
    "ここすも工事": "テスト",
    "店舗": "豊田大林店",
    "更新日時": "2022-02-18T02:42:00Z",
    "案件数": "0",
    "状況": "XXX",
    "現住所": "",
    "登録日時": "2022-02-18T02:42:00Z",
    "顧客ID": 124,
    "顧客氏名・会社名": "qwq",
    "顧客種別": "個人",
  },
  Object {
    "ここすも営業": "テスト",
    "ここすも工事": "テスト",
    "店舗": "豊川中央店",
    "更新日時": "2022-02-18T02:38:00Z",
    "案件数": "0",
    "状況": "XXX",
    "現住所": "",
    "登録日時": "2022-02-18T02:39:00Z",
    "顧客ID": 123,
    "顧客氏名・会社名": "qwq",
    "顧客種別": "個人",
  },
  Object {
    "ここすも営業": "テスト",
    "ここすも工事": "テスト",
    "店舗": "システム管理部",
    "更新日時": "2022-02-18T01:24:00Z",
    "案件数": "0",
    "状況": "XXX",
    "現住所": "-",
    "登録日時": "2022-02-18T01:24:00Z",
    "顧客ID": 122,
    "顧客氏名・会社名": "-",
    "顧客種別": "個人",
  },
  Object {
    "ここすも営業": "テスト",
    "ここすも工事": "テスト",
    "店舗": "豊橋向山店",
    "更新日時": "2022-02-15T07:02:00Z",
    "案件数": "0",
    "状況": "XXX",
    "現住所": "",
    "登録日時": "2022-02-15T07:02:00Z",
    "顧客ID": 120,
    "顧客氏名・会社名": "qwq",
    "顧客種別": "個人",
  },
  Object {
    "ここすも営業": "テスト",
    "ここすも工事": "テスト",
    "店舗": "千種大久手店",
    "更新日時": "2022-02-15T06:57:00Z",
    "案件数": "0",
    "状況": "XXX",
    "現住所": "",
    "登録日時": "2022-02-15T06:58:00Z",
    "顧客ID": 119,
    "顧客氏名・会社名": "qwq",
    "顧客種別": "個人",
  },
  Object {
    "ここすも営業": "テスト",
    "ここすも工事": "テスト",
    "店舗": "高浜中央店",
    "更新日時": "2022-02-15T06:34:00Z",
    "案件数": "0",
    "状況": "XXX",
    "現住所": "",
    "登録日時": "2022-02-15T06:34:00Z",
    "顧客ID": 118,
    "顧客氏名・会社名": "qwq",
    "顧客種別": "個人",
  },
  Object {
    "ここすも営業": "テスト",
    "ここすも工事": "テスト",
    "店舗": "千種大久手店",
    "更新日時": "2022-02-15T06:19:00Z",
    "案件数": "0",
    "状況": "XXX",
    "現住所": "",
    "登録日時": "2022-02-15T06:19:00Z",
    "顧客ID": 117,
    "顧客氏名・会社名": "qwq",
    "顧客種別": "個人",
  },
  Object {
    "ここすも営業": "テスト",
    "ここすも工事": "テスト",
    "店舗": "千種大久手店",
    "更新日時": "2022-02-15T06:17:00Z",
    "案件数": "0",
    "状況": "XXX",
    "現住所": "",
    "登録日時": "2022-02-15T06:17:00Z",
    "顧客ID": 116,
    "顧客氏名・会社名": "あｓだｓｄ",
    "顧客種別": "個人",
  },
  Object {
    "ここすも営業": "テスト",
    "ここすも工事": "テスト",
    "店舗": "千種大久手店",
    "更新日時": "2022-02-15T06:09:00Z",
    "案件数": "0",
    "状況": "XXX",
    "現住所": "",
    "登録日時": "2022-02-15T06:09:00Z",
    "顧客ID": 115,
    "顧客氏名・会社名": "test",
    "顧客種別": "個人",
  },
  Object {
    "ここすも営業": "テスト",
    "ここすも工事": "テスト",
    "店舗": "豊橋向山店",
    "更新日時": "2022-02-15T04:50:00Z",
    "案件数": "0",
    "状況": "XXX",
    "現住所": "",
    "登録日時": "2022-02-15T04:50:00Z",
    "顧客ID": 114,
    "顧客氏名・会社名": "qwq",
    "顧客種別": "個人",
  },
]
`;
