// Jest Snapshot v1, https://goo.gl/fbAQLP

exports[`Construction Data 1`] = `
Object {
  "address1": "愛知県豊橋市野依町",
  "address2": "",
  "addressKari": "",
  "buildingType": "戸建て",
  "cocoConst1": undefined,
  "cocoConst2": undefined,
  "constructionName": "",
  "constructionTypeId": "",
  "custGroupId": "81",
  "isAgentConfirmed": true,
  "isChkAddressKari": true,
  "postal": "441-8124",
}
`;
