// Jest Snapshot v1, https://goo.gl/fbAQLP

exports[`searchProjects 1`] = `
Object {
  "records": Array [
    Object {
      "constructionName": Object {
        "type": "SINGLE_LINE_TEXT",
        "value": "Lorenz Ras様邸 蓄電池",
      },
    },
    Object {
      "constructionName": Object {
        "type": "SINGLE_LINE_TEXT",
        "value": "Lorenz Ras様邸 設備交換工事",
      },
    },
  ],
  "totalCount": "2",
}
`;
