// Jest Snapshot v1, https://goo.gl/fbAQLP

exports[`Converters returns a kintone record 1`] = `
Object {
  "address1": Object {
    "value": "テスト",
  },
  "address2": Object {
    "value": "どこでも",
  },
  "birthDay": Object {
    "value": "31",
  },
  "birthMonth": Object {
    "value": "10",
  },
  "birthYear": Object {
    "value": "2000",
  },
  "contacts": Any<Object>,
  "fullName": Object {
    "value": "Ras, Lorenz T",
  },
  "fullNameReading": Object {
    "value": "ラス　ロレンズ　トンボ",
  },
  "gender": Object {
    "value": "男性",
  },
  "postalCode": Object {
    "value": "441-8124",
  },
}
`;
