// Jest Snapshot v1, https://goo.gl/fbAQLP

exports[`Submit is successful 1`] = `
Object {
  "ok": true,
  "result": Object {
    "ids": Array [
      "60",
    ],
    "records": Array [
      Object {
        "id": "60",
        "revision": "1",
      },
    ],
    "revisions": Array [
      "1",
    ],
  },
}
`;
